// Jest Snapshot v1, https://goo.gl/fbAQLP

exports[`Link Creates a Link 1`] = `
<a
  href="/"
>
  Click
</a>
`;
