// Jest Snapshot v1, https://goo.gl/fbAQLP

exports[`ResponsiveHeroImage Picks alternate data if story data not present 1`] = `
<img
  alt="Alt Text"
  class="qt-image"
  sizes="(max-width: 500px) 98vw, (max-width: 768px) 48vw, 23vw"
  src="//images.assettype.com/somepublisher%2Fimage.png?rect=0%2C0%2C759%2C427&w=480&auto=format%2Ccompress"
  srcset="//images.assettype.com/somepublisher%2Fimage.png?rect=0%2C0%2C759%2C427&w=250&auto=format%2Ccompress 250w,//images.assettype.com/somepublisher%2Fimage.png?rect=0%2C0%2C759%2C427&w=480&auto=format%2Ccompress 480w,//images.assettype.com/somepublisher%2Fimage.png?rect=0%2C0%2C759%2C427&w=640&auto=format%2Ccompress 640w"
/>
`;
